// Jest Snapshot v1, https://goo.gl/fbAQLP

exports[`App JSX retornado 1`] = `
<View
  className="flex-1"
  testID="app-container"
>
  <Text
    testID="mocked-routes"
  >
    Mocked Routes
  </Text>
</View>
`;

exports[`App matches snapshot 1`] = `
<View
  className="flex-1"
  testID="app-container"
>
  <Text
    testID="mocked-routes"
  >
    Mocked Routes
  </Text>
</View>
`;
